cargo : warning: unused variable: `i`
At line:1 char:1
+ cargo test --features c_bridge > test.log 2>&1
+ ~~~~~~~~~~~~~~~~~~~~~~~~~~~~~~~~~~~~~~~~~~~~~~
    + CategoryInfo          : NotSpecified: (warning: unused variable 
   : `i`:String) [], RemoteException
    + FullyQualifiedErrorId : NativeCommandError
 
  --> src\onnx_oracle.rs:39:10
   |
39 |     for (i, (expected, (in_shape, in_data))) in expected_input...
   |          ^ help: if this is intentional, prefix it with an 
underscore: `_i`
   |
   = note: `#[warn(unused_variables)]` (part of `#[warn(unused)]`) on 
by default

warning: `omnilang` (lib) generated 1 warning (run `cargo fix --lib 
-p omnilang` to apply 1 suggestion)
   Compiling omnilang v1.2.2 (D:\GitHub\OmniLang)
warning: `omnilang` (lib test) generated 1 warning (1 duplicate)
warning: unused import: `std::collections::HashMap`
 --> tests\test_ort_dynamic.rs:2:5
  |
2 | use std::collections::HashMap;
  |     ^^^^^^^^^^^^^^^^^^^^^^^^^
  |
  = note: `#[warn(unused_imports)]` (part of `#[warn(unused)]`) on by 
default

error[E0308]: `?` operator has incompatible types
  --> tests\test_ort_dynamic.rs:11:17
   |
11 |     inputs.push(Value::from_array((shape.clone(), 
data.clone()))?);
   |                 
^^^^^^^^^^^^^^^^^^^^^^^^^^^^^^^^^^^^^^^^^^^^^^^^^ expected `Value`, 
found `Value<TensorValueType<f32>>`
   |
   = note: `?` operator cannot convert from 
`Value<TensorValueType<f32>>` to `Value<DynValueTypeMarker>`
   = note: expected struct `Value<DynValueTypeMarker>`
              found struct `Value<TensorValueType<f32>>`
help: call `Into::into` on this expression to convert 
`Value<TensorValueType<f32>>` into `Value`
   |
11 |     inputs.push(Value::from_array((shape.clone(), 
data.clone()))?.into());
   |                                                                  
+++++++

For more information about this error, try `rustc --explain E0308`.
warning: `omnilang` (test "test_ort_dynamic") generated 1 warning
error: could not compile `omnilang` (test "test_ort_dynamic") due to 
1 previous error; 1 warning emitted
